{"logTime": "0504/160155", "correlationVector":"zXJcLRAG7ZNxTqByzDcJJY.1","action":"SyncServerConnectionManagerRequest", "result":"SYNC_SERVER_OK", "context":{"environment":"Prod_eastus2_prod-s01-050-nam-eastus2", "migrationStage":"NotStarted", "server":"akswtt113000005"}}
{"logTime": "0504/160155", "correlationVector":"zXJcLRAG7ZNxTqByzDcJJY.2","action":"ProcessGetUpdates", "result":"Done", "context":{"dataType":"Encryption Keys", "deleted":"0", "process_failed_to_decrypt":"0", "process_pending_decryption":"0", "process_success":"1", "total":"1"}}
{"logTime": "0504/160155", "correlationVector":"g63NxHVKtRU6dNlK6lwe/B","action":"SyncServerConnectionManagerRequest", "result":"SYNC_SERVER_ERROR", "context":{"environment":"", "error_type":"http_status_code", "error_value":"400", "migrationStage":"", "server":""}}
{"logTime": "0504/160155", "correlationVector":"zXJcLRAG7ZNxTqByzDcJJY","action":"Initial GetUpdates", "result":"", "context":Reason: NEW_CLIENT. cV=zXJcLRAG7ZNxTqByzDcJJY}
{"logTime": "0504/160155", "correlationVector":"zXJcLRAG7ZNxTqByzDcJJY.3","action":"GetUpdates Response", "result":"Success", "context":Received 1 update(s). cV=zXJcLRAG7ZNxTqByzDcJJY.0;server=akswtt113000005;cloudType=Consumer;environment=Prod_eastus2_prod-s01-050-nam-eastus2;migrationStage=NotStarted}
{"logTime": "0504/160155", "correlationVector":"9uU/jYxa6WY1WE2XRQn5nk","action":"Initial GetUpdates", "result":"", "context":Reason: NEW_CLIENT. cV=9uU/jYxa6WY1WE2XRQn5nk}
{"logTime": "0504/160155", "correlationVector":"9uU/jYxa6WY1WE2XRQn5nk.1","action":"SyncServerConnectionManagerRequest", "result":"SYNC_SERVER_OK", "context":{"environment":"Prod_eastus2_prod-s01-050-nam-eastus2", "migrationStage":"NotStarted", "server":"akswtt11300000j"}}
{"logTime": "0504/160155", "correlationVector":"9uU/jYxa6WY1WE2XRQn5nk.2","action":"ProcessGetUpdates", "result":"Done", "context":{"dataType":"Preferences", "deleted":"0", "process_failed_to_decrypt":"0", "process_pending_decryption":"0", "process_success":"75", "total":"75"}}
{"logTime": "0504/160155", "correlationVector":"9uU/jYxa6WY1WE2XRQn5nk.3","action":"ProcessGetUpdates", "result":"Done", "context":{"dataType":"Device Info", "deleted":"0", "process_failed_to_decrypt":"0", "process_pending_decryption":"0", "process_success":"6", "total":"6"}}
{"logTime": "0504/160155", "correlationVector":"9uU/jYxa6WY1WE2XRQn5nk.4","action":"GetUpdates Response", "result":"Success", "context":Received 81 update(s). cV=9uU/jYxa6WY1WE2XRQn5nk.0;server=akswtt11300000j;cloudType=Consumer;environment=Prod_eastus2_prod-s01-050-nam-eastus2;migrationStage=NotStarted}
{"logTime": "0504/160155", "correlationVector":"YasCGoc6YKlgcmnul9b36w","action":"SyncServerConnectionManagerRequest", "result":"SYNC_SERVER_ERROR", "context":{"environment":"", "error_type":"http_status_code", "error_value":"400", "migrationStage":"", "server":""}}
{"logTime": "0504/160155", "correlationVector":"ZuB1vy6EHikcinSLgiwuwd","action":"Initial GetUpdates", "result":"", "context":Reason: NEW_CLIENT. cV=ZuB1vy6EHikcinSLgiwuwd}
{"logTime": "0504/160156", "correlationVector":"ZuB1vy6EHikcinSLgiwuwd.1","action":"SyncServerConnectionManagerRequest", "result":"SYNC_SERVER_OK", "context":{"environment":"Prod_eastus2_prod-s01-050-nam-eastus2", "migrationStage":"NotStarted", "server":"akswtt11300000p"}}
{"logTime": "0504/160156", "correlationVector":"ZuB1vy6EHikcinSLgiwuwd.2","action":"ProcessGetUpdates", "result":"Done", "context":{"dataType":"Bookmarks", "deleted":"0", "process_failed_to_decrypt":"0", "process_pending_decryption":"0", "process_success":"73", "total":"73"}}
{"logTime": "0504/160156", "correlationVector":"ZuB1vy6EHikcinSLgiwuwd.3","action":"GetUpdates Response", "result":"Success", "context":Received 73 update(s). cV=ZuB1vy6EHikcinSLgiwuwd.0;server=akswtt11300000p;cloudType=Consumer;environment=Prod_eastus2_prod-s01-050-nam-eastus2;migrationStage=NotStarted}
{"logTime": "0504/160156", "correlationVector":"3WZO3wpikPV+zqbVR2DFi2","action":"SyncServerConnectionManagerRequest", "result":"SYNC_SERVER_ERROR", "context":{"environment":"", "error_type":"http_status_code", "error_value":"400", "migrationStage":"", "server":""}}
{"logTime": "0504/160156", "correlationVector":"ng6Hu3O5INspAXHZkHlnPP","action":"Initial GetUpdates", "result":"", "context":Reason: NEW_CLIENT. cV=ng6Hu3O5INspAXHZkHlnPP}
{"logTime": "0504/160156", "correlationVector":"ng6Hu3O5INspAXHZkHlnPP.1","action":"SyncServerConnectionManagerRequest", "result":"SYNC_SERVER_OK", "context":{"environment":"Prod_eastus2_prod-s01-050-nam-eastus2", "migrationStage":"NotStarted", "server":"akswtt11300001l"}}
{"logTime": "0504/160156", "correlationVector":"ng6Hu3O5INspAXHZkHlnPP.2","action":"ProcessGetUpdates", "result":"Done", "context":{"dataType":"Sessions", "deleted":"0", "process_failed_to_decrypt":"0", "process_pending_decryption":"0", "process_success":"3", "total":"3"}}
{"logTime": "0504/160156", "correlationVector":"ng6Hu3O5INspAXHZkHlnPP.3","action":"ProcessGetUpdates", "result":"Done", "context":{"dataType":"Edge Hub App Usage", "deleted":"0", "process_failed_to_decrypt":"0", "process_pending_decryption":"0", "process_success":"1", "total":"1"}}
{"logTime": "0504/160156", "correlationVector":"ng6Hu3O5INspAXHZkHlnPP.4","action":"GetUpdates Response", "result":"Success", "context":Received 4 update(s). cV=ng6Hu3O5INspAXHZkHlnPP.0;server=akswtt11300001l;cloudType=Consumer;environment=Prod_eastus2_prod-s01-050-nam-eastus2;migrationStage=NotStarted}
{"logTime": "0504/160156", "correlationVector":"88lh1FmhgyxaTW6GpK7jty","action":"SyncServerConnectionManagerRequest", "result":"SYNC_SERVER_ERROR", "context":{"environment":"", "error_type":"http_status_code", "error_value":"400", "migrationStage":"", "server":""}}
{"logTime": "0504/160156", "correlationVector":"S+TLku84msUeMSEWAhHpvX","action":"Initial GetUpdates", "result":"", "context":Reason: NEW_CLIENT. cV=S+TLku84msUeMSEWAhHpvX}
{"logTime": "0504/160156", "correlationVector":"S+TLku84msUeMSEWAhHpvX.1","action":"SyncServerConnectionManagerRequest", "result":"SYNC_SERVER_OK", "context":{"environment":"Prod_eastus2_prod-s01-050-nam-eastus2", "migrationStage":"NotStarted", "server":"akswtt11300000m"}}
{"logTime": "0504/160156", "correlationVector":"S+TLku84msUeMSEWAhHpvX.2","action":"ProcessGetUpdates", "result":"Done", "context":{"dataType":"History", "deleted":"0", "process_failed_to_decrypt":"0", "process_pending_decryption":"0", "process_success":"15", "total":"15"}}
{"logTime": "0504/160156", "correlationVector":"S+TLku84msUeMSEWAhHpvX.3","action":"GetUpdates Response", "result":"Success", "context":Received 15 update(s). cV=S+TLku84msUeMSEWAhHpvX.0;server=akswtt11300000m;cloudType=Consumer;environment=Prod_eastus2_prod-s01-050-nam-eastus2;migrationStage=NotStarted}
{"logTime": "0504/160156", "correlationVector":"/fx9VMsBJON3NGmCyoo6JX","action":"SyncServerConnectionManagerRequest", "result":"SYNC_SERVER_ERROR", "context":{"environment":"", "error_type":"http_status_code", "error_value":"400", "migrationStage":"", "server":""}}
{"logTime": "0504/160156", "correlationVector":"nRZ+8WY8rHjZWplXtr1SQl","action":"Normal GetUpdate request", "result":"", "context":cV=nRZ+8WY8rHjZWplXtr1SQl
Nudged types: Sessions, Device Info, User Consents
Refresh requested types: Bookmarks, Preferences, Extensions, Sessions, Extension settings, History Delete Directives, Device Info, User Consents, Send Tab To Self, Web Apps, History, Saved Tab Group, WebAuthn Credentials, Collection, Edge E Drop, Edge Hub App Usage, Edge Wallet, Edge Workspace, Encryption Keys}
{"logTime": "0504/160157", "correlationVector":"nRZ+8WY8rHjZWplXtr1SQl.1","action":"SyncServerConnectionManagerRequest", "result":"SYNC_SERVER_OK", "context":{"environment":"Prod_eastus2_prod-s01-050-nam-eastus2", "migrationStage":"NotStarted", "server":"akswtt113000010"}}
{"logTime": "0504/160157", "correlationVector":"nRZ+8WY8rHjZWplXtr1SQl.2","action":"GetUpdates Response", "result":"Success", "context":Received 0 update(s). cV=nRZ+8WY8rHjZWplXtr1SQl.0;server=akswtt113000010;cloudType=Consumer;environment=Prod_eastus2_prod-s01-050-nam-eastus2;migrationStage=NotStarted}
{"logTime": "0504/160157", "correlationVector":"p03+HpovLWRmHBuA/jW/R0","action":"DoCompareDataConsistency requsted types: ", "result":"Bookmarks, Preferences, Extensions, Extension settings, History Delete Directives, Send Tab To Self, Web Apps, History, Saved Tab Group, WebAuthn Credentials, Collection, Edge E Drop, Edge Wallet, Edge Workspace, Encryption Keys"}
{"logTime": "0504/160157", "correlationVector":"p03+HpovLWRmHBuA/jW/R0.0","action":"CompareDataConsistency result: ", "result":"Compare result: Encryption Keys is consistent. local entities count is: 1 local entities hash is: lyja7hL3hd78AIOVn6qpPKM+Tms="}
{"logTime": "0504/160157", "correlationVector":"p03+HpovLWRmHBuA/jW/R0.1","action":"CompareDataConsistency result: ", "result":"Compare result: Bookmarks is consistent. local entities count is: 67 local entities hash is: Qmwz1hxmux0dd1O+3YbjfiB2UjI="}
{"logTime": "0504/160157", "correlationVector":"p03+HpovLWRmHBuA/jW/R0.2","action":"CompareDataConsistency result: ", "result":"Compare result: Preferences is consistent. local entities count is: 75 local entities hash is: 0O408yHCp87LXVf+dMAMxK0wXn4="}
{"logTime": "0504/160157", "correlationVector":"p03+HpovLWRmHBuA/jW/R0.3","action":"CompareDataConsistency result: ", "result":"Compare result: Extensions is consistent. local entities count is: 0 local entities hash is: "}
{"logTime": "0504/160157", "correlationVector":"p03+HpovLWRmHBuA/jW/R0.4","action":"CompareDataConsistency result: ", "result":"Compare result: Extension settings is consistent. local entities count is: 0 local entities hash is: "}
{"logTime": "0504/160157", "correlationVector":"p03+HpovLWRmHBuA/jW/R0.5","action":"CompareDataConsistency result: ", "result":"Compare result: History Delete Directives is consistent. local entities count is: 0 local entities hash is: "}
{"logTime": "0504/160157", "correlationVector":"p03+HpovLWRmHBuA/jW/R0.6","action":"CompareDataConsistency result: ", "result":"Server did not send this Send Tab To Self local entities count is: 0 local entities hash is: "}
{"logTime": "0504/160157", "correlationVector":"p03+HpovLWRmHBuA/jW/R0.7","action":"CompareDataConsistency result: ", "result":"Compare result: Web Apps is consistent. local entities count is: 0 local entities hash is: "}
{"logTime": "0504/160157", "correlationVector":"p03+HpovLWRmHBuA/jW/R0.8","action":"CompareDataConsistency result: ", "result":"Server did not send this History local entities count is: 0 local entities hash is: "}
{"logTime": "0504/160157", "correlationVector":"p03+HpovLWRmHBuA/jW/R0.9","action":"CompareDataConsistency result: ", "result":"Compare result: Saved Tab Group is consistent. local entities count is: 0 local entities hash is: "}
{"logTime": "0504/160157", "correlationVector":"p03+HpovLWRmHBuA/jW/R0.10","action":"CompareDataConsistency result: ", "result":"Server did not send this WebAuthn Credentials local entities count is: 0 local entities hash is: "}
{"logTime": "0504/160157", "correlationVector":"p03+HpovLWRmHBuA/jW/R0.11","action":"CompareDataConsistency result: ", "result":"Compare result: Collection is consistent. local entities count is: 0 local entities hash is: "}
{"logTime": "0504/160157", "correlationVector":"p03+HpovLWRmHBuA/jW/R0.12","action":"CompareDataConsistency result: ", "result":"Compare result: Edge E Drop is consistent. local entities count is: 0 local entities hash is: "}
{"logTime": "0504/160157", "correlationVector":"p03+HpovLWRmHBuA/jW/R0.13","action":"CompareDataConsistency result: ", "result":"Compare result: Edge Wallet is consistent. local entities count is: 0 local entities hash is: "}
{"logTime": "0504/160157", "correlationVector":"p03+HpovLWRmHBuA/jW/R0.14","action":"CompareDataConsistency result: ", "result":"Server did not send this Edge Workspace local entities count is: 0 local entities hash is: "}
{"logTime": "0504/160157", "correlationVector":"Y9Hw4Km8FSe5vPqzpmNia2","action":"Commit Request", "result":"", "context":Item count: 4
Contributing types: Sessions, Device Info, User Consents}
{"logTime": "0504/160157", "correlationVector":"Y9Hw4Km8FSe5vPqzpmNia2.1","action":"SyncServerConnectionManagerRequest", "result":"SYNC_SERVER_OK", "context":{"environment":"Prod_eastus2_prod-s01-050-nam-eastus2", "migrationStage":"NotStarted", "server":"akswtt113000007"}}
{"logTime": "0504/160157", "correlationVector":"Y9Hw4Km8FSe5vPqzpmNia2.2","action":"Commit Response", "result":"Success", "context":Result: Success. cV=Y9Hw4Km8FSe5vPqzpmNia2.0;server=akswtt113000007;cloudType=Consumer;environment=Prod_eastus2_prod-s01-050-nam-eastus2;migrationStage=NotStarted}
{"logTime": "0504/160157", "correlationVector":"0xwyRKuGPhWrJNg/WPbjYR","action":"SyncServerConnectionManagerRequest", "result":"SYNC_SERVER_ERROR", "context":{"environment":"", "error_type":"http_status_code", "error_value":"400", "migrationStage":"", "server":""}}
{"logTime": "0504/160157", "correlationVector":"","action":"DIAGNOSTIC_REQUEST|v1/diagnosticData/Diagnostic.SendCheckResult()|SUCCESS", "result":""}
